tests/stage1_dynamic_replay_v3/test_asset_identity.py::test_live_image_bytes_are_bound_and_revalidated
tests/stage1_dynamic_replay_v3/test_asset_identity.py::test_manifest_path_escape_is_rejected
tests/stage1_dynamic_replay_v3/test_evaluation.py::test_raw_frontier_is_tie_safe_and_monotone
tests/stage1_dynamic_replay_v3/test_evaluation.py::test_prediction_artifact_binds_manifests_and_checkpoint
tests/stage1_dynamic_replay_v3/test_evaluation.py::test_prediction_artifact_rejects_wrong_ids
tests/stage1_dynamic_replay_v3/test_expert_delivery_audit.py::test_parse_sha256_ledger_rejects_conflicting_duplicate
tests/stage1_dynamic_replay_v3/test_expert_delivery_audit.py::test_manifested_tar_is_fully_extracted_and_verified
tests/stage1_dynamic_replay_v3/test_expert_delivery_audit.py::test_manifested_tar_rejects_wrong_payload_hash
tests/stage1_dynamic_replay_v3/test_expert_delivery_audit.py::test_manifested_tar_subset_extracts_only_requested_verified_payload
tests/stage1_dynamic_replay_v3/test_expert_delivery_audit.py::test_manifested_tar_subset_is_fail_closed
tests/stage1_dynamic_replay_v3/test_expert_delivery_audit.py::test_tar_extraction_supports_long_nested_windows_paths
tests/stage1_dynamic_replay_v3/test_expert_delivery_audit.py::test_archive_validation_rejects_path_traversal
tests/stage1_dynamic_replay_v3/test_expert_delivery_audit.py::test_zip_member_hash_can_satisfy_review_evidence_but_not_source_archive
tests/stage1_dynamic_replay_v3/test_expert_delivery_audit.py::test_audit_refuses_to_overwrite_existing_evidence
tests/stage1_dynamic_replay_v3/test_global_completion_audit_v2.py::test_current_global_audit_passes_all_controllable_gates_and_blocks_on_source
tests/stage1_dynamic_replay_v3/test_literature_anchor_contract_v2.py::test_real_anchor_contract_has_exact_auditable_40_row_structure
tests/stage1_dynamic_replay_v3/test_literature_anchor_contract_v2.py::test_anchor_contract_rejects_duplicate_queue_identity
tests/stage1_dynamic_replay_v3/test_literature_anchor_contract_v2.py::test_anchor_contract_rejects_canonical_id_not_derived_from_identity
tests/stage1_dynamic_replay_v3/test_literature_anchor_contract_v2.py::test_existing_broad_anchor_must_match_frozen_broad_membership
tests/stage1_dynamic_replay_v3/test_literature_anchor_contract_v2.py::test_anchor_contract_rejects_non_primary_or_insecure_source
tests/stage1_dynamic_replay_v3/test_literature_anchor_contract_v2.py::test_anchor_contract_requires_contiguous_frozen_anchor_ids
tests/stage1_dynamic_replay_v3/test_literature_anchor_contract_v2.py::test_anchor_contract_does_not_grant_reading_credit
tests/stage1_dynamic_replay_v3/test_literature_anchor_contract_v2.py::test_anchor_source_expected_rows_include_only_missing_source_strata
tests/stage1_dynamic_replay_v3/test_literature_anchor_contract_v2.py::test_validated_anchor_work_ids_are_exact_and_ordered
tests/stage1_dynamic_replay_v3/test_literature_anchor_promotion_v2.py::test_real_anchor_evidence_promotes_to_exact_auditable_batch_24
tests/stage1_dynamic_replay_v3/test_literature_anchor_promotion_v2.py::test_promotion_rejects_missing_source_identity
tests/stage1_dynamic_replay_v3/test_literature_anchor_promotion_v2.py::test_promotion_does_not_overwrite_existing_batch
tests/stage1_dynamic_replay_v3/test_literature_broad_content_scope_v4.py::test_pass_requires_source_bound_evidence_for_every_declared_scope
tests/stage1_dynamic_replay_v3/test_literature_broad_content_scope_v4.py::test_crossref_without_abstract_and_template_declaration_fail_closed
tests/stage1_dynamic_replay_v3/test_literature_broad_content_scope_v4.py::test_crossref_without_abstract_rejects_claimed_non_title_quotes
tests/stage1_dynamic_replay_v3/test_literature_broad_content_scope_v4.py::test_registered_title_and_claimed_title_quote_must_match_source_bytes
tests/stage1_dynamic_replay_v3/test_literature_broad_content_scope_v4.py::test_same_source_sha_doi_and_arxiv_are_per_paper_failures
tests/stage1_dynamic_replay_v3/test_literature_broad_content_scope_v4.py::test_legal_missing_identifier_markers_do_not_form_duplicate_groups
tests/stage1_dynamic_replay_v3/test_literature_broad_content_scope_v4.py::test_near_identical_title_same_authors_and_year_is_clear_duplicate
tests/stage1_dynamic_replay_v3/test_literature_broad_content_scope_v4.py::test_probable_version_pair_is_review_required_and_blocks_promotion
tests/stage1_dynamic_replay_v3/test_literature_broad_source_queue_v2.py::test_prefers_direct_full_text_and_assigns_stable_pdf_destination
tests/stage1_dynamic_replay_v3/test_literature_broad_source_queue_v2.py::test_converts_arxiv_abstract_page_when_full_text_is_missing
tests/stage1_dynamic_replay_v3/test_literature_broad_source_queue_v2.py::test_falls_back_to_primary_landing_page_without_claiming_full_text
tests/stage1_dynamic_replay_v3/test_literature_broad_source_queue_v2.py::test_output_is_invariant_to_input_order_and_rejects_duplicate_queue_id
tests/stage1_dynamic_replay_v3/test_literature_broad_source_validation_v2.py::test_validates_pdf_and_html_but_reports_missing_batch_members
tests/stage1_dynamic_replay_v3/test_literature_broad_source_validation_v2.py::test_rejects_wrong_title_even_when_hash_and_counts_match
tests/stage1_dynamic_replay_v3/test_literature_broad_source_validation_v2.py::test_later_success_supersedes_documented_earlier_failure
tests/stage1_dynamic_replay_v3/test_literature_broad_source_validation_v2.py::test_rejects_conflicting_successful_source_hashes
tests/stage1_dynamic_replay_v3/test_literature_broad_source_validation_v2.py::test_explicit_hash_bound_supersession_selects_corrected_source
tests/stage1_dynamic_replay_v3/test_literature_broad_source_validation_v2.py::test_supersession_fails_closed_when_hash_binding_is_wrong
tests/stage1_dynamic_replay_v3/test_literature_broad_staging_v2.py::test_build_broad_staging_is_self_contained_and_strictly_validated
tests/stage1_dynamic_replay_v3/test_literature_broad_staging_v2.py::test_build_broad_staging_rejects_source_hash_mismatch
tests/stage1_dynamic_replay_v3/test_literature_broad_staging_v2.py::test_build_broad_staging_binds_explicit_versioned_merge_ledger
tests/stage1_dynamic_replay_v3/test_literature_broad_staging_v2.py::test_broad_staging_cli_starts_without_manual_pythonpath
tests/stage1_dynamic_replay_v3/test_literature_candidate_universe_v2.py::test_universe_preserves_every_version_and_is_invariant_to_input_order
tests/stage1_dynamic_replay_v3/test_literature_candidate_universe_v2.py::test_openalex_query_rqs_are_retained_as_hints_not_reading_evidence
tests/stage1_dynamic_replay_v3/test_literature_candidate_universe_v2.py::test_universe_rejects_duplicate_source_identity
tests/stage1_dynamic_replay_v3/test_literature_candidate_universe_v2.py::test_manual_review_groups_keep_exclusions_out_without_losing_universe_rows
tests/stage1_dynamic_replay_v3/test_literature_candidate_universe_v2.py::test_publish_manifest_binds_all_inputs_and_outputs
tests/stage1_dynamic_replay_v3/test_literature_deep_queue_v4.py::test_deep_queue_freezes_mandatory_and_hash_bound_inherited_evidence
tests/stage1_dynamic_replay_v3/test_literature_deep_queue_v4.py::test_deep_queue_does_not_reuse_legacy_note_when_pdf_hash_changed
tests/stage1_dynamic_replay_v3/test_literature_deep_queue_v4.py::test_deep_queue_cli_starts_without_manual_pythonpath
tests/stage1_dynamic_replay_v3/test_literature_discovery_v2.py::test_query_plan_requires_unique_ids_and_research_question_mapping
tests/stage1_dynamic_replay_v3/test_literature_discovery_v2.py::test_openalex_abstract_is_reconstructed_by_token_position
tests/stage1_dynamic_replay_v3/test_literature_discovery_v2.py::test_candidate_inventory_merges_query_hits_and_versions
tests/stage1_dynamic_replay_v3/test_literature_discovery_v2.py::test_candidate_inventory_rejects_corrupt_snapshot
tests/stage1_dynamic_replay_v3/test_literature_discovery_v2.py::test_triage_uses_explicit_mechanism_gates_without_weighted_score
tests/stage1_dynamic_replay_v3/test_literature_discovery_v2.py::test_manual_queue_merges_legacy_and_new_candidates_without_promoting_old_depth
tests/stage1_dynamic_replay_v3/test_literature_evidence_v2.py::test_valid_corpus_enforces_exact_nested_tiers_and_artifact_identity
tests/stage1_dynamic_replay_v3/test_literature_evidence_v2.py::test_broad_only_staging_can_require_zero_screened_and_deep
tests/stage1_dynamic_replay_v3/test_literature_evidence_v2.py::test_corpus_rejects_wrong_counts_missing_note_and_non_contiguous_ids
tests/stage1_dynamic_replay_v3/test_literature_evidence_v2.py::test_corpus_rejects_duplicate_canonical_identity[title]
tests/stage1_dynamic_replay_v3/test_literature_evidence_v2.py::test_corpus_rejects_duplicate_canonical_identity[doi]
tests/stage1_dynamic_replay_v3/test_literature_evidence_v2.py::test_corpus_rejects_duplicate_canonical_identity[canonical_work_id]
tests/stage1_dynamic_replay_v3/test_literature_evidence_v2.py::test_corpus_rejects_tampered_source_and_placeholder_text
tests/stage1_dynamic_replay_v3/test_literature_evidence_v2.py::test_legitimate_unknown_term_in_bibliographic_title_is_not_a_placeholder
tests/stage1_dynamic_replay_v3/test_literature_evidence_v2.py::test_corpus_rejects_reused_per_paper_review_text
tests/stage1_dynamic_replay_v3/test_literature_evidence_v2.py::test_screened_and_deep_evidence_fail_closed
tests/stage1_dynamic_replay_v3/test_literature_evidence_v2.py::test_deterministic_audit_sample_is_nested_and_reproducible
tests/stage1_dynamic_replay_v3/test_literature_evidence_v2.py::test_discovery_evidence_binds_queries_candidates_and_exclusions
tests/stage1_dynamic_replay_v3/test_literature_evidence_v2.py::test_source_acquisition_ledger_covers_every_counted_artifact
tests/stage1_dynamic_replay_v3/test_literature_evidence_v2.py::test_fixed_random_audit_requires_exact_nested_sample_and_pass_evidence
tests/stage1_dynamic_replay_v3/test_literature_evidence_v2.py::test_second_pass_requires_deep_pdf_identity_elapsed_time_and_rq_coverage
tests/stage1_dynamic_replay_v3/test_literature_evidence_v2.py::test_literature_validator_cli_starts_without_manual_pythonpath
tests/stage1_dynamic_replay_v3/test_literature_evidence_v2.py::test_completion_audit_fails_closed_without_counted_evidence
tests/stage1_dynamic_replay_v3/test_literature_manual_screening_v2.py::test_manual_screening_requires_exact_queue_coverage_and_full_broad_scope
tests/stage1_dynamic_replay_v3/test_literature_manual_screening_v2.py::test_manual_screening_can_validate_one_explicit_batch_without_reading_siblings
tests/stage1_dynamic_replay_v3/test_literature_manual_screening_v2.py::test_manual_screening_fails_closed_on_incomplete_or_template_decisions[missing]
tests/stage1_dynamic_replay_v3/test_literature_manual_screening_v2.py::test_manual_screening_fails_closed_on_incomplete_or_template_decisions[duplicate]
tests/stage1_dynamic_replay_v3/test_literature_manual_screening_v2.py::test_manual_screening_fails_closed_on_incomplete_or_template_decisions[scope]
tests/stage1_dynamic_replay_v3/test_literature_manual_screening_v2.py::test_manual_screening_fails_closed_on_incomplete_or_template_decisions[rq]
tests/stage1_dynamic_replay_v3/test_literature_manual_screening_v2.py::test_manual_screening_fails_closed_on_incomplete_or_template_decisions[prose]
tests/stage1_dynamic_replay_v3/test_literature_manual_screening_v2.py::test_manual_screening_rejects_unreviewed_placeholders
tests/stage1_dynamic_replay_v3/test_literature_manual_screening_v2.py::test_manual_screening_rejects_chinese_unreviewed_placeholders[\u5f85\u8865]
tests/stage1_dynamic_replay_v3/test_literature_manual_screening_v2.py::test_manual_screening_rejects_chinese_unreviewed_placeholders[\u5f85\u786e\u8ba4]
tests/stage1_dynamic_replay_v3/test_literature_manual_screening_v2.py::test_manual_screening_rejects_chinese_unreviewed_placeholders[\u540c\u4e0a]
tests/stage1_dynamic_replay_v3/test_literature_manual_screening_v2.py::test_manual_screening_rejects_chinese_unreviewed_placeholders[\u672a\u9605\u8bfb]
tests/stage1_dynamic_replay_v3/test_literature_manual_screening_v2.py::test_manual_screening_rejects_chinese_unreviewed_placeholders[\u672a\u6838\u5bf9]
tests/stage1_dynamic_replay_v3/test_literature_manual_screening_v2.py::test_excluded_candidate_may_stop_after_primary_abstract_without_fake_full_read
tests/stage1_dynamic_replay_v3/test_literature_manual_screening_v2.py::test_eligible_candidate_cannot_claim_broad_read_without_conclusion
tests/stage1_dynamic_replay_v3/test_literature_manual_screening_v2.py::test_blind_order_is_invariant_to_input_order_year_and_legacy_depth
tests/stage1_dynamic_replay_v3/test_literature_manual_screening_v2.py::test_manual_screening_cli_publishes_atomic_non_credit_receipt
tests/stage1_dynamic_replay_v3/test_literature_review_migration_v4.py::test_migration_rebinds_paths_without_rewriting_review_content
tests/stage1_dynamic_replay_v3/test_literature_review_migration_v4.py::test_migration_ignores_non_paper_json_receipts
tests/stage1_dynamic_replay_v3/test_literature_review_migration_v4.py::test_migration_rejects_changed_evidence_bytes
tests/stage1_dynamic_replay_v3/test_literature_screened_review_v3.py::test_screened_review_uses_corpus_relative_extraction_source_path
tests/stage1_dynamic_replay_v3/test_literature_screened_review_v3.py::test_screened_review_binds_full_text_sections_and_exact_anchors
tests/stage1_dynamic_replay_v3/test_literature_screened_review_v3.py::test_screened_review_fails_closed_on_identity_or_reading_evidence_drift[title-title identity]
tests/stage1_dynamic_replay_v3/test_literature_screened_review_v3.py::test_screened_review_fails_closed_on_identity_or_reading_evidence_drift[hash-SHA]
tests/stage1_dynamic_replay_v3/test_literature_screened_review_v3.py::test_screened_review_fails_closed_on_identity_or_reading_evidence_drift[anchor-anchor quote]
tests/stage1_dynamic_replay_v3/test_literature_screened_review_v3.py::test_screened_review_fails_closed_on_identity_or_reading_evidence_drift[placeholder-placeholder]
tests/stage1_dynamic_replay_v3/test_literature_screened_review_v3.py::test_screened_review_fails_closed_on_identity_or_reading_evidence_drift[missing_section-section_evidence]
tests/stage1_dynamic_replay_v3/test_literature_screened_review_v3.py::test_canonical_title_may_contain_unknown_as_scientific_subject
tests/stage1_dynamic_replay_v3/test_literature_screened_review_v3.py::test_not_reported_ablation_requires_a_specific_full_text_reason
tests/stage1_dynamic_replay_v3/test_literature_screened_review_v3.py::test_seed_evidence_can_preserve_different_counts_for_scoring_and_retraining
tests/stage1_dynamic_replay_v3/test_literature_screened_review_v3.py::test_screened_review_cli_starts_without_manual_pythonpath
tests/stage1_dynamic_replay_v3/test_literature_screened_source_plan_v2.py::test_screened_source_plan_distinguishes_pdf_landing_and_reuse
tests/stage1_dynamic_replay_v3/test_literature_screened_source_plan_v2.py::test_screened_source_plan_prefers_verified_method_source_override
tests/stage1_dynamic_replay_v3/test_literature_screened_source_plan_v2.py::test_screened_source_plan_rejects_missing_discovery_identity
tests/stage1_dynamic_replay_v3/test_literature_screened_source_plan_v2.py::test_screened_source_plan_cli_starts_without_manual_pythonpath
tests/stage1_dynamic_replay_v3/test_literature_screened_text_ledger_v2.py::test_screened_text_ledger_preserves_source_identity
tests/stage1_dynamic_replay_v3/test_literature_screened_text_ledger_v2.py::test_screened_text_ledger_rejects_non_pdf
tests/stage1_dynamic_replay_v3/test_literature_screened_text_ledger_v2.py::test_screened_text_ledger_uses_corpus_relative_method_override
tests/stage1_dynamic_replay_v3/test_literature_screened_text_ledger_v2.py::test_screened_text_ledger_cli_starts_without_manual_pythonpath
tests/stage1_dynamic_replay_v3/test_literature_screening_packet_v2.py::test_scan_screening_text_returns_page_and_line_locators
tests/stage1_dynamic_replay_v3/test_literature_screening_packet_v2.py::test_verify_extracted_text_rejects_hash_drift
tests/stage1_dynamic_replay_v3/test_literature_screening_packet_v2.py::test_screening_packet_cli_starts_without_manual_pythonpath
tests/stage1_dynamic_replay_v3/test_literature_screening_queue_v2.py::test_screening_queue_is_nested_exact_and_non_credit
tests/stage1_dynamic_replay_v3/test_literature_screening_queue_v2.py::test_screening_queue_cli_starts_without_manual_pythonpath
tests/stage1_dynamic_replay_v3/test_literature_screening_queue_v2.py::test_screening_queue_source_gate_fails_when_full_text_pool_is_too_small
tests/stage1_dynamic_replay_v3/test_literature_screening_queue_v2.py::test_screening_queue_uses_hash_validated_method_source_override
tests/stage1_dynamic_replay_v3/test_literature_source_acquisition_v2.py::test_acquire_pdf_is_atomic_hash_bound_and_idempotent
tests/stage1_dynamic_replay_v3/test_literature_source_acquisition_v2.py::test_acquire_pdf_rejects_html_error_page_without_publishing
tests/stage1_dynamic_replay_v3/test_literature_source_acquisition_v2.py::test_acquire_source_rejects_path_escape_secondary_source_and_hash_drift
tests/stage1_dynamic_replay_v3/test_literature_source_inventory_v2.py::test_inventory_verifies_exact_set_receipt_hash_pages_and_title
tests/stage1_dynamic_replay_v3/test_literature_source_inventory_v2.py::test_inventory_fails_closed_on_identity_breaks[hash]
tests/stage1_dynamic_replay_v3/test_literature_source_inventory_v2.py::test_inventory_fails_closed_on_identity_breaks[receipt]
tests/stage1_dynamic_replay_v3/test_literature_source_inventory_v2.py::test_inventory_fails_closed_on_identity_breaks[expected_set]
tests/stage1_dynamic_replay_v3/test_literature_source_inventory_v2.py::test_inventory_fails_closed_on_identity_breaks[title]
tests/stage1_dynamic_replay_v3/test_literature_source_inventory_v2.py::test_inventory_rejects_duplicate_paper_across_ledgers
tests/stage1_dynamic_replay_v3/test_literature_source_inventory_v2.py::test_inventory_preserves_native_queue_identity_in_receipts
tests/stage1_dynamic_replay_v3/test_literature_text_extraction_v2.py::test_extracts_pdf_and_html_with_hash_bound_receipts
tests/stage1_dynamic_replay_v3/test_literature_text_extraction_v2.py::test_rejects_source_changed_after_validation
tests/stage1_dynamic_replay_v3/test_literature_text_extraction_v2.py::test_rejects_error_page_html
tests/stage1_dynamic_replay_v3/test_literature_tier_freeze_v2.py::test_canonicalization_requires_explicit_evidence_for_duplicate_versions
tests/stage1_dynamic_replay_v3/test_literature_tier_freeze_v2.py::test_canonicalization_rejects_unmerged_duplicate_doi
tests/stage1_dynamic_replay_v3/test_literature_tier_freeze_v2.py::test_canonicalization_allows_explicit_version_identity_with_shared_key
tests/stage1_dynamic_replay_v3/test_literature_tier_freeze_v2.py::test_version_identity_rejects_different_author_sets
tests/stage1_dynamic_replay_v3/test_literature_tier_freeze_v2.py::test_broad_selection_is_exact_balanced_and_order_invariant
tests/stage1_dynamic_replay_v3/test_literature_tier_freeze_v2.py::test_forbidden_bibliometrics_do_not_change_selection
tests/stage1_dynamic_replay_v3/test_literature_tier_freeze_v2.py::test_selection_fails_closed_when_an_rq_minimum_is_impossible
tests/stage1_dynamic_replay_v3/test_literature_tier_freeze_v2.py::test_screened_queue_preserves_counterevidence_per_rq
tests/stage1_dynamic_replay_v3/test_literature_tier_freeze_v2.py::test_mandatory_anchor_is_selected_before_lexicographic_fill
tests/stage1_dynamic_replay_v3/test_literature_tier_freeze_v2.py::test_mandatory_anchor_missing_from_eligible_pool_fails_closed
tests/stage1_dynamic_replay_v3/test_literature_tier_freeze_v2.py::test_mandatory_anchor_cannot_override_transfer_cap
tests/stage1_dynamic_replay_v3/test_matrix.py::test_seed_registry_is_disjoint_and_reproducible
tests/stage1_dynamic_replay_v3/test_matrix.py::test_matrix_contains_exactly_236_guard_free_runs
tests/stage1_dynamic_replay_v3/test_matrix.py::test_trace_matched_jobs_depend_on_rho_treatment
tests/stage1_dynamic_replay_v3/test_oof_reference.py::test_oof_binary_cross_entropy_is_self_contained_and_boundary_safe
tests/stage1_dynamic_replay_v3/test_oof_reference.py::test_oof_reference_binds_exact_training_identity
tests/stage1_dynamic_replay_v3/test_oof_reference.py::test_oof_reference_rejects_wrong_sample_identity
tests/stage1_dynamic_replay_v3/test_prediction_identity.py::test_prediction_identity_requires_exact_ids_and_labels
tests/stage1_dynamic_replay_v3/test_prediction_identity.py::test_wrong_ids_fail_even_when_counts_match
tests/stage1_dynamic_replay_v3/test_preregistration_v3.py::test_repository_preregistration_v3_is_complete_but_not_a_result
tests/stage1_dynamic_replay_v3/test_preregistration_v3.py::test_preregistration_v3_fails_closed_on_weighted_score_or_proxy_utility
tests/stage1_dynamic_replay_v3/test_preregistration_v3.py::test_preregistration_v3_fails_closed_on_control_or_exposure_mismatch
tests/stage1_dynamic_replay_v3/test_preregistration_v3.py::test_preregistration_v3_fails_closed_on_step_lock_or_qrad_ladder_drift
tests/stage1_dynamic_replay_v3/test_preregistration_v3.py::test_preregistration_v3_fails_closed_on_seed_metric_and_oracle_drift
tests/stage1_dynamic_replay_v3/test_preregistration_v3.py::test_preregistration_v3_fails_closed_on_missing_collection_identity_fields
tests/stage1_dynamic_replay_v3/test_preregistration_v3.py::test_preregistration_v3_cli_writes_machine_audit
tests/stage1_dynamic_replay_v3/test_provenance.py::test_live_source_recomputes_commit_and_tree
tests/stage1_dynamic_replay_v3/test_provenance.py::test_untracked_importable_source_fails
tests/stage1_dynamic_replay_v3/test_review_claim_ledger.py::test_expert_findings_ledger_preserves_all_claims_and_source_lines
tests/stage1_dynamic_replay_v3/test_review_claim_ledger.py::test_expert_findings_mark_unsupplied_optional_narrative
tests/stage1_dynamic_replay_v3/test_review_claim_ledger.py::test_expert_findings_reject_duplicate_or_inconsistent_identity[findings0]
tests/stage1_dynamic_replay_v3/test_review_claim_ledger.py::test_expert_findings_reject_duplicate_or_inconsistent_identity[findings1]
tests/stage1_dynamic_replay_v3/test_review_claim_ledger.py::test_expert_findings_reject_duplicate_or_inconsistent_identity[findings2]
tests/stage1_dynamic_replay_v3/test_review_claim_ledger.py::test_v3_assessments_require_exact_ids_and_existing_line_evidence
tests/stage1_dynamic_replay_v3/test_review_claim_ledger.py::test_v3_assessments_reject_missing_claims
tests/stage1_dynamic_replay_v3/test_review_claim_ledger.py::test_claim_ledger_cli_starts_directly_without_pythonpath
tests/stage1_dynamic_replay_v3/test_review_claim_ledger.py::test_merged_review_ledger_is_complete_and_immutable
tests/stage1_dynamic_replay_v3/test_review_claim_ledger.py::test_line_evidence_matrix_requires_exact_ids_and_valid_references
tests/stage1_dynamic_replay_v3/test_review_reproduction.py::test_v3_p0_reproduction_records_resolved_and_remaining_findings
tests/stage1_dynamic_replay_v3/test_review_reproduction.py::test_v3_p0_reproduction_refuses_to_overwrite
tests/stage1_dynamic_replay_v3/test_tripartite_crosswalk.py::test_crosswalk_contract_accepts_only_complete_hash_bound_rows
tests/stage1_dynamic_replay_v3/test_tripartite_crosswalk.py::test_crosswalk_contract_lists_row_level_failures_without_executing_commands
tests/stage1_dynamic_replay_v3/test_tripartite_crosswalk.py::test_crosswalk_contract_requires_exact_schema_and_line_references
tests/stage1_dynamic_replay_v3/test_tripartite_crosswalk.py::test_current_crosswalk_cli_fails_closed_after_v3_runtime_retirement
tests/stage1_dynamic_replay_v3/test_tripartite_crosswalk_builder.py::test_builder_refuses_to_rebind_retired_v3_runtime_sources

184 tests collected in 1.16s
