Script failed
Wall time 1.0 seconds
Output:
Script error:
Exit code: 1
Wall time: 1 seconds
Output:
FFFFFFFFFFFFFFFF                                                         [100%]
================================== FAILURES ===================================
_________ test_prediction_rows_require_one_bound_checkpoint_and_split _________

prediction_rows = (PredictionRow(run_id='R', arm_id='T_U', training_seed=1, split_role='synthetic', split_manifest_path='synthetic.json'..., source_tree_digest='CCCCCCCCCCCCCCCCCCCCCCCCCCCCCCCCCCCCCCCCCCCCCCCCCCCCCCCCCCCCCCCC', prediction_generation=1), ...)

    def test_prediction_rows_require_one_bound_checkpoint_and_split(prediction_rows):
        mixed = list(prediction_rows)
        mixed[-1] = replace(
            mixed[-1],
            checkpoint_sha256="D" * 64,
            split_manifest_sha256="E" * 64,
            source_tree_digest="F" * 64,
        )
>       with pytest.raises(SctsrError) as caught:
E       Failed: DID NOT RAISE <class 'stage1_sctsr_v4.errors.SctsrError'>

tests\stage1_sctsr_v4\test_prediction_evaluation_hardening.py:20: Failed
___________ test_prediction_probability_must_match_two_class_logits ___________

prediction_rows = (PredictionRow(run_id='R', arm_id='T_U', training_seed=1, split_role='synthetic', split_manifest_path='synthetic.json'..., source_tree_digest='CCCCCCCCCCCCCCCCCCCCCCCCCCCCCCCCCCCCCCCCCCCCCCCCCCCCCCCCCCCCCCCC', prediction_generation=1), ...)

    def test_prediction_probability_must_match_two_class_logits(prediction_rows):
        inconsistent = (replace(prediction_rows[0], p_defect_raw=0.999),) + prediction_rows[1:]
>       with pytest.raises(SctsrError) as caught:
E       Failed: DID NOT RAISE <class 'stage1_sctsr_v4.errors.SctsrError'>

tests\stage1_sctsr_v4\test_prediction_evaluation_hardening.py:27: Failed
___ test_formal_prediction_write_rejects_unverified_manifest_and_checkpoint ___

tmp_path = WindowsPath('C:/Users/28898/AppData/Local/Temp/pytest-of-28898/pytest-1454/test_formal_prediction_write_r0')
prediction_rows = (PredictionRow(run_id='R', arm_id='T_U', training_seed=1, split_role='synthetic', split_manifest_path='synthetic.json'..., source_tree_digest='CCCCCCCCCCCCCCCCCCCCCCCCCCCCCCCCCCCCCCCCCCCCCCCCCCCCCCCCCCCCCCCC', prediction_generation=1), ...)

    def test_formal_prediction_write_rejects_unverified_manifest_and_checkpoint(tmp_path, prediction_rows):
>       with pytest.raises(SctsrError) as caught:
E       Failed: DID NOT RAISE <class 'stage1_sctsr_v4.errors.SctsrError'>

tests\stage1_sctsr_v4\test_prediction_evaluation_hardening.py:33: Failed
___ test_checkpoint_evaluation_requires_existing_loadable_bound_checkpoint ____

tmp_path = WindowsPath('C:/Users/28898/AppData/Local/Temp/pytest-of-28898/pytest-1454/test_checkpoint_evaluation_req0')

    def test_checkpoint_evaluation_requires_existing_loadable_bound_checkpoint(tmp_path):
>       with pytest.raises(SctsrError) as caught:
E       Failed: DID NOT RAISE <class 'stage1_sctsr_v4.errors.SctsrError'>

tests\stage1_sctsr_v4\test_prediction_evaluation_hardening.py:43: Failed
____________ test_frontier_rejects_unregistered_artifact_bindings _____________

prediction_rows = (PredictionRow(run_id='R', arm_id='T_U', training_seed=1, split_role='synthetic', split_manifest_path='synthetic.json'..., source_tree_digest='CCCCCCCCCCCCCCCCCCCCCCCCCCCCCCCCCCCCCCCCCCCCCCCCCCCCCCCCCCCCCCCC', prediction_generation=1), ...)

    def test_frontier_rejects_unregistered_artifact_bindings(prediction_rows):
>       with pytest.raises(SctsrError) as caught:
E       Failed: DID NOT RAISE <class 'stage1_sctsr_v4.errors.SctsrError'>

tests\stage1_sctsr_v4\test_prediction_evaluation_hardening.py:53: Failed
________________ test_prediction_test_role_is_always_forbidden ________________

prediction_rows = (PredictionRow(run_id='R', arm_id='T_U', training_seed=1, split_role='synthetic', split_manifest_path='synthetic.json'..., source_tree_digest='CCCCCCCCCCCCCCCCCCCCCCCCCCCCCCCCCCCCCCCCCCCCCCCCCCCCCCCCCCCCCCCC', prediction_generation=1), ...)

    def test_prediction_test_role_is_always_forbidden(prediction_rows):
        rows = tuple(replace(row, split_role="test") for row in prediction_rows)
>       with pytest.raises(SctsrError) as caught:
E       Failed: DID NOT RAISE <class 'stage1_sctsr_v4.errors.SctsrError'>

tests\stage1_sctsr_v4\test_prediction_evaluation_hardening.py:60: Failed
_____ test_seven_of_eight_negative_deltas_are_contradicted_not_supported ______

    def test_seven_of_eight_negative_deltas_are_contradicted_not_supported():
        treatment = {seed: Endpoint(0.9 if seed < 7 else 1.01, 100, 1) for seed in range(8)}
        comparator = {seed: Endpoint(1.0, 100, 1) for seed in range(8)}
        result = paired_contrast("C01", treatment, comparator)
>       assert validate_discovery(result) == "CONTRADICTED"
E       AssertionError: assert 'SUPPORTED_FO..._NOT_EFFICACY' == 'CONTRADICTED'
E         
E         - CONTRADICTED
E         + SUPPORTED_FOR_CONFIRMATION_NOT_EFFICACY

tests\stage1_sctsr_v4\test_statistics_hardening.py:15: AssertionError
__________ test_unreachable_target_anchor_fails_confirmation_closed ___________

    def test_unreachable_target_anchor_fails_confirmation_closed():
        treatment = {seed: Endpoint(1.1, 100, None) for seed in range(14)}
        comparator = {seed: Endpoint(1.0, 99, 2) for seed in range(14)}
        result = paired_contrast("C01", treatment, comparator)
>       assert validate_confirmation(result) == "FAIL_UNREACHABLE_TARGET_TN"
E       AssertionError: assert 'SUPPORTED' == 'FAIL_UNREACHABLE_TARGET_TN'
E         
E         - FAIL_UNREACHABLE_TARGET_TN
E         + SUPPORTED

tests\stage1_sctsr_v4\test_statistics_hardening.py:22: AssertionError
________________ test_holm_rejects_invalid_raw_p_values[-0.1] _________________

bad_p = -0.1

    @pytest.mark.parametrize("bad_p", [-0.1, 1.1, math.nan, math.inf])
    def test_holm_rejects_invalid_raw_p_values(bad_p):
>       with pytest.raises(SctsrError) as caught:
E       Failed: DID NOT RAISE <class 'stage1_sctsr_v4.errors.SctsrError'>

tests\stage1_sctsr_v4\test_statistics_hardening.py:27: Failed
_________________ test_holm_rejects_invalid_raw_p_values[1.1] _________________

bad_p = 1.1

    @pytest.mark.parametrize("bad_p", [-0.1, 1.1, math.nan, math.inf])
    def test_holm_rejects_invalid_raw_p_values(bad_p):
>       with pytest.raises(SctsrError) as caught:
E       Failed: DID NOT RAISE <class 'stage1_sctsr_v4.errors.SctsrError'>

tests\stage1_sctsr_v4\test_statistics_hardening.py:27: Failed
_________________ test_holm_rejects_invalid_raw_p_values[nan] _________________

bad_p = nan

    @pytest.mark.parametrize("bad_p", [-0.1, 1.1, math.nan, math.inf])
    def test_holm_rejects_invalid_raw_p_values(bad_p):
>       with pytest.raises(SctsrError) as caught:
E       Failed: DID NOT RAISE <class 'stage1_sctsr_v4.errors.SctsrError'>

tests\stage1_sctsr_v4\test_statistics_hardening.py:27: Failed
_________________ test_holm_rejects_invalid_raw_p_values[inf] _________________

bad_p = inf

    @pytest.mark.parametrize("bad_p", [-0.1, 1.1, math.nan, math.inf])
    def test_holm_rejects_invalid_raw_p_values(bad_p):
>       with pytest.raises(SctsrError) as caught:
E       Failed: DID NOT RAISE <class 'stage1_sctsr_v4.errors.SctsrError'>

tests\stage1_sctsr_v4\test_statistics_hardening.py:27: Failed
____________ test_holm_requires_complete_frozen_c01_to_c08_family _____________

    def test_holm_requires_complete_frozen_c01_to_c08_family():
        with pytest.raises(SctsrError) as caught:
>           holm_adjust({"C01": 0.01}, expected_contrast_ids=tuple(f"C{i:02d}" for i in range(1, 9)))
E           TypeError: holm_adjust() got an unexpected keyword argument 'expected_contrast_ids'

tests\stage1_sctsr_v4\test_statistics_hardening.py:34: TypeError
___________ test_completion_rejects_incomplete_arbitrary_check_map ____________

    def test_completion_rejects_incomplete_arbitrary_check_map():
        audit = CompletionAudit(
            implementation_status="IMPLEMENTED_NOT_FORMALLY_RUN",
            source_tree_digest="A" * 64,
            checks={"core": "PASS"},
        )
>       with pytest.raises(SctsrError) as caught:
E       Failed: DID NOT RAISE <class 'stage1_sctsr_v4.errors.SctsrError'>

tests\stage1_sctsr_v4\test_completion_hardening.py:15: Failed
___________ test_implementation_check_may_not_be_hidden_as_blocked ____________

    def test_implementation_check_may_not_be_hidden_as_blocked():
        audit = CompletionAudit(
            implementation_status="IMPLEMENTED_NOT_FORMALLY_RUN",
            source_tree_digest="A" * 64,
            checks={"prediction_identity": "BLOCKED_WITH_REASON"},
            blocker_reasons={"prediction_identity": "not implemented"},
        )
>       with pytest.raises(SctsrError) as caught:
E       Failed: DID NOT RAISE <class 'stage1_sctsr_v4.errors.SctsrError'>

tests\stage1_sctsr_v4\test_completion_hardening.py:27: Failed
______________ test_completion_requires_canonical_source_digest _______________

    def test_completion_requires_canonical_source_digest():
        audit = CompletionAudit(
            implementation_status="IMPLEMENTED_NOT_FORMALLY_RUN",
            source_tree_digest="not-a-sha",
            checks={},
        )
>       with pytest.raises(SctsrError) as caught:
E       Failed: DID NOT RAISE <class 'stage1_sctsr_v4.errors.SctsrError'>

tests\stage1_sctsr_v4\test_completion_hardening.py:38: Failed
=========================== short test summary info ===========================
FAILED tests/stage1_sctsr_v4/test_prediction_evaluation_hardening.py::test_prediction_rows_require_one_bound_checkpoint_and_split
FAILED tests/stage1_sctsr_v4/test_prediction_evaluation_hardening.py::test_prediction_probability_must_match_two_class_logits
FAILED tests/stage1_sctsr_v4/test_prediction_evaluation_hardening.py::test_formal_prediction_write_rejects_unverified_manifest_and_checkpoint
FAILED tests/stage1_sctsr_v4/test_prediction_evaluation_hardening.py::test_checkpoint_evaluation_requires_existing_loadable_bound_checkpoint
FAILED tests/stage1_sctsr_v4/test_prediction_evaluation_hardening.py::test_frontier_rejects_unregistered_artifact_bindings
FAILED tests/stage1_sctsr_v4/test_prediction_evaluation_hardening.py::test_prediction_test_role_is_always_forbidden
FAILED tests/stage1_sctsr_v4/test_statistics_hardening.py::test_seven_of_eight_negative_deltas_are_contradicted_not_supported
FAILED tests/stage1_sctsr_v4/test_statistics_hardening.py::test_unreachable_target_anchor_fails_confirmation_closed
FAILED tests/stage1_sctsr_v4/test_statistics_hardening.py::test_holm_rejects_invalid_raw_p_values[-0.1]
FAILED tests/stage1_sctsr_v4/test_statistics_hardening.py::test_holm_rejects_invalid_raw_p_values[1.1]
FAILED tests/stage1_sctsr_v4/test_statistics_hardening.py::test_holm_rejects_invalid_raw_p_values[nan]
FAILED tests/stage1_sctsr_v4/test_statistics_hardening.py::test_holm_rejects_invalid_raw_p_values[inf]
FAILED tests/stage1_sctsr_v4/test_statistics_hardening.py::test_holm_requires_complete_frozen_c01_to_c08_family
FAILED tests/stage1_sctsr_v4/test_completion_hardening.py::test_completion_rejects_incomplete_arbitrary_check_map
FAILED tests/stage1_sctsr_v4/test_completion_hardening.py::test_implementation_check_may_not_be_hidden_as_blocked
FAILED tests/stage1_sctsr_v4/test_completion_hardening.py::test_completion_requires_canonical_source_digest
16 failed in 0.44s
