Script failed
Wall time 0.6 seconds
Output:
Script error:
Exit code: 1
Wall time: 0.6 seconds
Output:

=================================== ERRORS ====================================
______ ERROR collecting tests/stage1_sctsr_v4/test_manual_line_review.py ______
ImportError while importing test module 'C:\GitHub\YOLO-CV\tests\stage1_sctsr_v4\test_manual_line_review.py'.
Hint: make sure your test modules/packages have valid Python names.
Traceback:
C:\Users\28898\AppData\Roaming\uv\python\cpython-3.11-windows-x86_64-none\Lib\importlib\__init__.py:126: in import_module
    return _bootstrap._gcd_import(name[level:], package, level)
           ^^^^^^^^^^^^^^^^^^^^^^^^^^^^^^^^^^^^^^^^^^^^^^^^^^^^
tests\stage1_sctsr_v4\test_manual_line_review.py:8: in <module>
    from stage1_sctsr_v4.manual_line_review import REVIEW_IDS, validate_manual_line_review
E   ModuleNotFoundError: No module named 'stage1_sctsr_v4.manual_line_review'
=========================== short test summary info ===========================
ERROR tests/stage1_sctsr_v4/test_manual_line_review.py
!!!!!!!!!!!!!!!!!!! Interrupted: 1 error during collection !!!!!!!!!!!!!!!!!!!!
1 error in 0.11s
