Script failed
Wall time 1.2 seconds
Output:
Script error:
Exit code: 1
Wall time: 1.2 seconds
Output:
F                                                                        [100%]
================================== FAILURES ===================================
___ test_repository_audit_does_not_follow_broken_historical_directory_links ___

tmp_path = WindowsPath('C:/Users/28898/AppData/Local/Temp/pytest-of-28898/pytest-1553/test_repository_audit_does_not0')

    def test_repository_audit_does_not_follow_broken_historical_directory_links(tmp_path):
        base, source = _repository(tmp_path)
        experiment = tmp_path / "artifacts/stage1_sample_value_experiments/experiments/dynamic_replay_budget_efficiency_20260807"
        experiment.mkdir(parents=True)
        target = tmp_path / "historical_external_target"
        target.mkdir()
        link = experiment / "historical_broken_link"
        if os.name == "nt":
            subprocess.run(["cmd", "/c", "mklink", "/J", str(link), str(target)], check=True, capture_output=True)
        else:
            link.symlink_to(target, target_is_directory=True)
        target.rmdir()
    
>       report = audit_repository_state(
            tmp_path,
            baseline_commit=base,
            implementation_start_commit=source,
            implementation_source_commit=source,
            allowed_prefixes=("stage1_sctsr_v4/",),
            allowed_files=(),
            protected_prefixes=("stage1_gapvalue240/", "stage1_dynamic_replay_v3/", "YOLOv11/ultralytics/"),
            legacy_markers=("/04_run_queue_v2/",),
        )

tests\stage1_sctsr_v4\test_repository_state_audit.py:140: 
_ _ _ _ _ _ _ _ _ _ _ _ _ _ _ _ _ _ _ _ _ _ _ _ _ _ _ _ _ _ _ _ _ _ _ _ _ _ _ _
stage1_sctsr_v4\repository_state_audit.py:268: in audit_repository_state
    for manifest_path in experiment_root.rglob("RUN_MANIFEST.json"):
C:\Users\28898\AppData\Roaming\uv\python\cpython-3.11-windows-x86_64-none\Lib\pathlib.py:968: in rglob
    for p in selector.select_from(self):
C:\Users\28898\AppData\Roaming\uv\python\cpython-3.11-windows-x86_64-none\Lib\pathlib.py:407: in _select_from
    for starting_point in self._iterate_directories(parent_path, is_dir, scandir):
C:\Users\28898\AppData\Roaming\uv\python\cpython-3.11-windows-x86_64-none\Lib\pathlib.py:397: in _iterate_directories
    for p in self._iterate_directories(path, is_dir, scandir):
C:\Users\28898\AppData\Roaming\uv\python\cpython-3.11-windows-x86_64-none\Lib\pathlib.py:386: in _iterate_directories
    with scandir(parent_path) as scandir_it:
         ^^^^^^^^^^^^^^^^^^^^
_ _ _ _ _ _ _ _ _ _ _ _ _ _ _ _ _ _ _ _ _ _ _ _ _ _ _ _ _ _ _ _ _ _ _ _ _ _ _ _

self = WindowsPath('C:/Users/28898/AppData/Local/Temp/pytest-of-28898/pytest-1553/test_repository_audit_does_not0/artifacts/stage1_sample_value_experiments/experiments/dynamic_replay_budget_efficiency_20260807/historical_broken_link')

    def _scandir(self):
        # bpo-24132: a future version of pathlib will support subclassing of
        # pathlib.Path to customize how the filesystem is accessed. This
        # includes scandir(), which is used to implement glob().
>       return os.scandir(self)
               ^^^^^^^^^^^^^^^^
E       FileNotFoundError: [WinError 3] 系统找不到指定的路径。: 'C:\\Users\\28898\\AppData\\Local\\Temp\\pytest-of-28898\\pytest-1553\\test_repository_audit_does_not0\\artifacts\\stage1_sample_value_experiments\\experiments\\dynamic_replay_budget_efficiency_20260807\\historical_broken_link'

C:\Users\28898\AppData\Roaming\uv\python\cpython-3.11-windows-x86_64-none\Lib\pathlib.py:938: FileNotFoundError
=========================== short test summary info ===========================
FAILED tests/stage1_sctsr_v4/test_repository_state_audit.py::test_repository_audit_does_not_follow_broken_historical_directory_links
1 failed in 0.61s
