warning: `VIRTUAL_ENV=C:\Users\28898\AppData\Local\uv\cache\builds-v0\.tmpDZVXeK` does not match the project environment path `.venv` and will be ignored; use `--active` to target the active environment instead
Using CPython 3.11.14
Creating virtual environment at: .venv
Resolved 77 packages in 0.73ms
Installed 57 packages in 4.86s
 + albucore==0.0.24
 + albumentations==2.0.8
 + annotated-types==0.7.0
 + certifi==2026.2.25
 + charset-normalizer==3.4.6
 + colorama==0.4.6
 + contourpy==1.3.3
 + cycler==0.12.1
 + filelock==3.25.2
 + fonttools==4.62.1
 + fsspec==2026.2.0
 + idna==3.11
 + iniconfig==2.3.0
 + jinja2==3.1.6
 + joblib==1.5.3
 + kiwisolver==1.5.0
 + markupsafe==3.0.3
 + matplotlib==3.10.8
 + mpmath==1.3.0
 + networkx==3.6.1
 + numpy==1.26.4
 + opencv-python==4.11.0.86
 + opencv-python-headless==4.11.0.86
 + packaging==26.0
 + pandas==3.0.1
 + pillow==12.1.1
 + pluggy==1.6.0
 + polars==1.41.2
 + polars-runtime-32==1.41.2
 + psutil==7.2.2
 + py-cpuinfo==9.0.0
 + pyarrow==21.0.0
 + pydantic==2.12.5
 + pydantic-core==2.41.5
 + pygments==2.19.2
 + pyparsing==3.3.2
 + pytest==9.0.2
 + python-dateutil==2.9.0.post0
 + pyyaml==6.0.3
 + requests==2.33.0
 + scikit-learn==1.8.0
 + scipy==1.17.1
 + seaborn==0.13.2
 + setuptools==81.0.0
 + simsimd==6.5.16
 + six==1.17.0
 + stringzilla==4.6.0
 + sympy==1.14.0
 + threadpoolctl==3.6.0
 + torch==2.11.0+cu128
 + torchvision==0.26.0+cu128
 + tqdm==4.67.3
 + typing-extensions==4.15.0
 + typing-inspection==0.4.2
 + tzdata==2025.3
 + ultralytics-thop==2.0.18
 + urllib3==2.6.3
