command=uv run --locked --python 3.11 --extra dev pytest -q tests/stage1_sctsr_v4/test_dataset_adapter.py
started_utc=2026-08-15T20:09:59.9847476Z
duration_seconds=3.3636163
exit_code=1
expected=RED after adding hardlink and post-setup rescan contract tests

.........FF                                                              [100%]
================================== FAILURES ===================================
_______ test_materialized_binding_requires_hardlink_to_canonical_source _______

tmp_path = WindowsPath('C:/Users/28898/AppData/Local/Temp/pytest-of-28898/pytest-1813/test_materialized_binding_requ0')

    def test_materialized_binding_requires_hardlink_to_canonical_source(tmp_path: Path):
        canonical = tmp_path / "dataset" / "Det" / "images" / "normal_train" / "a.png"
        staged = tmp_path / "dataset" / "train" / "no_target" / "a.png"
        canonical.parent.mkdir(parents=True)
        staged.parent.mkdir(parents=True)
        canonical.write_bytes(b"same-bytes")
        staged.write_bytes(b"same-bytes")
    
        class PhysicalBase(torch.utils.data.Dataset):
            samples = ((str(staged), 0),)
    
            def __len__(self):
                return 1
    
            def __getitem__(self, index):
                return {"img": torch.zeros((1, 2, 2)), "cls": torch.tensor(0)}
    
        sample_id = "Det/images/normal_train/a.png"
        wrapped = IdentityAugmentingDataset(PhysicalBase(), (DatasetIdentity(sample_id, 0, sample_id),))
        content = {
            sample_id: {
                "image_bytes": canonical.stat().st_size,
                "image_sha256": __import__("hashlib").sha256(canonical.read_bytes()).hexdigest().upper(),
            }
        }
    
>       with pytest.raises(SctsrError) as caught:
E       Failed: DID NOT RAISE <class 'stage1_sctsr_v4.errors.SctsrError'>

tests\stage1_sctsr_v4\test_dataset_adapter.py:244: Failed
_______ test_materialized_binding_rejects_extra_file_added_after_setup ________

tmp_path = WindowsPath('C:/Users/28898/AppData/Local/Temp/pytest-of-28898/pytest-1813/test_materialized_binding_reje1')

    def test_materialized_binding_rejects_extra_file_added_after_setup(tmp_path: Path):
        canonical = tmp_path / "dataset" / "Det" / "images" / "normal_train" / "a.png"
        staged = tmp_path / "dataset" / "train" / "no_target" / "a.png"
        canonical.parent.mkdir(parents=True)
        staged.parent.mkdir(parents=True)
        canonical.write_bytes(b"frozen")
        os.link(canonical, staged)
    
        class PhysicalBase(torch.utils.data.Dataset):
            samples = ((str(staged), 0),)
    
            def __len__(self):
                return 1
    
            def __getitem__(self, index):
                return {"img": torch.zeros((1, 2, 2)), "cls": torch.tensor(0)}
    
        sample_id = "Det/images/normal_train/a.png"
        wrapped = IdentityAugmentingDataset(PhysicalBase(), (DatasetIdentity(sample_id, 0, sample_id),))
        content = {
            sample_id: {
                "image_bytes": canonical.stat().st_size,
                "image_sha256": __import__("hashlib").sha256(canonical.read_bytes()).hexdigest().upper(),
            }
        }
        binding = validate_materialized_dataset_bytes(
            wrapped,
            content,
            role="train",
            dataset_root=tmp_path / "dataset",
            evidence_path=tmp_path / "binding" / "train.parquet",
        )
        (staged.parent / "added_after_setup.png").write_bytes(b"unregistered")
    
>       with pytest.raises(SctsrError) as caught:
E       Failed: DID NOT RAISE <class 'stage1_sctsr_v4.errors.SctsrError'>

tests\stage1_sctsr_v4\test_dataset_adapter.py:289: Failed
=========================== short test summary info ===========================
FAILED tests/stage1_sctsr_v4/test_dataset_adapter.py::test_materialized_binding_requires_hardlink_to_canonical_source
FAILED tests/stage1_sctsr_v4/test_dataset_adapter.py::test_materialized_binding_rejects_extra_file_added_after_setup
2 failed, 9 passed in 1.59s
