Downloading https://github.com/ultralytics/assets/releases/download/v8.3.0/yolo11x-cls.pt to 'yolo11x-cls.pt'...
New https://pypi.org/project/ultralytics/8.4.33 available 😃 Update with 'pip install -U ultralytics'
Ultralytics 8.3.0 🚀 Python-3.11.15 torch-2.5.1+cu121 CUDA:0 (NVIDIA GeForce RTX 3090, 24576MiB)
[34m[1mengine\trainer: [0mtask=classify, mode=train, model=yolo11x-cls.pt, data=C:\Users\ASUS\Desktop\YOLOv11\YOLO-CV\YOLOv11\datasets\sewerml_cls6_train7200, epochs=200, time=None, patience=0, batch=24, imgsz=640, save=True, save_period=1, cache=False, device=0, workers=4, project=C:\Users\ASUS\Desktop\YOLOv11\YOLO-CV\YOLOv11\runs\stage1_formal_cls6, name=yolo11x_cls6_formal_200ep, exist_ok=True, pretrained=True, optimizer=auto, verbose=True, seed=20260330, deterministic=True, single_cls=False, rect=False, cos_lr=False, close_mosaic=10, resume=False, amp=True, fraction=1.0, profile=False, freeze=None, multi_scale=False, overlap_mask=True, mask_ratio=4, dropout=0.0, val=True, split=val, save_json=False, save_hybrid=False, conf=None, iou=0.7, max_det=300, half=False, dnn=False, plots=True, source=None, vid_stride=1, stream_buffer=False, visualize=False, augment=False, agnostic_nms=False, classes=None, retina_masks=False, embed=None, show=False, save_frames=False, save_txt=False, save_conf=False, save_crop=False, show_labels=True, show_conf=True, show_boxes=True, line_width=None, format=torchscript, keras=False, optimize=False, int8=False, dynamic=False, simplify=True, opset=None, workspace=4, nms=False, lr0=0.01, lrf=0.01, momentum=0.937, weight_decay=0.0005, warmup_epochs=3.0, warmup_momentum=0.8, warmup_bias_lr=0.1, box=7.5, cls=0.5, dfl=1.5, pose=12.0, kobj=1.0, label_smoothing=0.0, nbs=64, hsv_h=0.015, hsv_s=0.7, hsv_v=0.4, degrees=0.0, translate=0.1, scale=0.5, shear=0.0, perspective=0.0, flipud=0.0, fliplr=0.5, bgr=0.0, mosaic=1.0, mixup=0.0, copy_paste=0.0, copy_paste_mode=flip, auto_augment=randaugment, erasing=0.4, crop_fraction=1.0, cfg=None, tracker=botsort.yaml, save_dir=C:\Users\ASUS\Desktop\YOLOv11\YOLO-CV\YOLOv11\runs\stage1_formal_cls6\yolo11x_cls6_formal_200ep
[34m[1mtrain:[0m C:\Users\ASUS\Desktop\YOLOv11\YOLO-CV\YOLOv11\datasets\sewerml_cls6_train7200\train... found 6480 images in 6 classes ✅ 
[34m[1mval:[0m C:\Users\ASUS\Desktop\YOLOv11\YOLO-CV\YOLOv11\datasets\sewerml_cls6_train7200\val... found 720 images in 6 classes ✅ 
[34m[1mtest:[0m None...
Overriding model.yaml nc=80 with nc=6

                   from  n    params  module                                       arguments                     
  0                  -1  1      2784  ultralytics.nn.modules.conv.Conv             [3, 96, 3, 2]                 
  1                  -1  1    166272  ultralytics.nn.modules.conv.Conv             [96, 192, 3, 2]               
  2                  -1  2    389760  ultralytics.nn.modules.block.C3k2            [192, 384, 2, True, 0.25]     
  3                  -1  1   1327872  ultralytics.nn.modules.conv.Conv             [384, 384, 3, 2]              
  4                  -1  2   1553664  ultralytics.nn.modules.block.C3k2            [384, 768, 2, True, 0.25]     
  5                  -1  1   5309952  ultralytics.nn.modules.conv.Conv             [768, 768, 3, 2]              
  6                  -1  2   5022720  ultralytics.nn.modules.block.C3k2            [768, 768, 2, True]           
  7                  -1  1   5309952  ultralytics.nn.modules.conv.Conv             [768, 768, 3, 2]              
  8                  -1  2   5022720  ultralytics.nn.modules.block.C3k2            [768, 768, 2, True]           
  9                  -1  2   3264768  ultralytics.nn.modules.block.C2PSA           [768, 768, 2]                 
 10                  -1  1    993286  ultralytics.nn.modules.head.Classify         [768, 6]                      
YOLO11x-cls summary: 309 layers, 28,363,750 parameters, 28,363,750 gradients, 111.0 GFLOPs
Transferred 492/494 items from pretrained weights
[34m[1mAMP: [0mrunning Automatic Mixed Precision (AMP) checks with YOLOv8n...
[34m[1mAMP: [0mchecks passed ✅
[34m[1moptimizer:[0m 'optimizer=auto' found, ignoring 'lr0=0.01' and 'momentum=0.937' and determining best 'optimizer', 'lr0' and 'momentum' automatically... 
[34m[1moptimizer:[0m SGD(lr=0.01, momentum=0.9) with parameter groups 82 weight(decay=0.0), 83 weight(decay=0.0005625000000000001), 83 bias(decay=0.0)
Image sizes 640 train, 640 val
Using 4 dataloader workers
Logging results to [1mC:\Users\ASUS\Desktop\YOLOv11\YOLO-CV\YOLOv11\runs\stage1_formal_cls6\yolo11x_cls6_formal_200ep[0m
Starting training for 200 epochs...

      Epoch    GPU_mem       loss  Instances       Size
                   all      0.507      0.986

      Epoch    GPU_mem       loss  Instances       Size
                   all      0.531      0.989

      Epoch    GPU_mem       loss  Instances       Size
                   all      0.483      0.971

      Epoch    GPU_mem       loss  Instances       Size
                   all      0.507      0.985

      Epoch    GPU_mem       loss  Instances       Size
                   all      0.492      0.982

      Epoch    GPU_mem       loss  Instances       Size
                   all       0.56       0.99

      Epoch    GPU_mem       loss  Instances       Size
                   all      0.547       0.99

      Epoch    GPU_mem       loss  Instances       Size
                   all      0.561      0.996

      Epoch    GPU_mem       loss  Instances       Size
                   all      0.597      0.993

      Epoch    GPU_mem       loss  Instances       Size
                   all      0.614      0.996

      Epoch    GPU_mem       loss  Instances       Size
                   all      0.613      0.993

      Epoch    GPU_mem       loss  Instances       Size
                   all      0.632      0.993

      Epoch    GPU_mem       loss  Instances       Size
                   all      0.617      0.994

      Epoch    GPU_mem       loss  Instances       Size
                   all      0.615      0.988

      Epoch    GPU_mem       loss  Instances       Size
                   all      0.604      0.993

      Epoch    GPU_mem       loss  Instances       Size
                   all      0.635      0.996

      Epoch    GPU_mem       loss  Instances       Size
                   all      0.619      0.994

      Epoch    GPU_mem       loss  Instances       Size
                   all      0.633      0.993

      Epoch    GPU_mem       loss  Instances       Size
                   all      0.622      0.988

      Epoch    GPU_mem       loss  Instances       Size
                   all      0.614      0.985

      Epoch    GPU_mem       loss  Instances       Size
                   all      0.613      0.992

      Epoch    GPU_mem       loss  Instances       Size
                   all      0.636      0.992

      Epoch    GPU_mem       loss  Instances       Size
                   all      0.636      0.989

      Epoch    GPU_mem       loss  Instances       Size
                   all      0.628      0.997

      Epoch    GPU_mem       loss  Instances       Size
                   all      0.646      0.994

      Epoch    GPU_mem       loss  Instances       Size
                   all      0.628       0.99

      Epoch    GPU_mem       loss  Instances       Size
                   all      0.657      0.996

      Epoch    GPU_mem       loss  Instances       Size
                   all      0.664      0.992

      Epoch    GPU_mem       loss  Instances       Size
                   all      0.625      0.994

      Epoch    GPU_mem       loss  Instances       Size
                   all      0.649       0.99

      Epoch    GPU_mem       loss  Instances       Size
                   all      0.653      0.989

      Epoch    GPU_mem       loss  Instances       Size
                   all      0.626      0.993

      Epoch    GPU_mem       loss  Instances       Size
                   all      0.649      0.997

      Epoch    GPU_mem       loss  Instances       Size
                   all      0.644      0.994

      Epoch    GPU_mem       loss  Instances       Size
                   all       0.65      0.996

      Epoch    GPU_mem       loss  Instances       Size
                   all       0.64      0.992

      Epoch    GPU_mem       loss  Instances       Size
                   all      0.651      0.993

      Epoch    GPU_mem       loss  Instances       Size
                   all      0.647      0.994

      Epoch    GPU_mem       loss  Instances       Size
                   all       0.65      0.993

      Epoch    GPU_mem       loss  Instances       Size
                   all      0.663      0.993

      Epoch    GPU_mem       loss  Instances       Size
                   all       0.65      0.989

      Epoch    GPU_mem       loss  Instances       Size
                   all      0.625      0.988

      Epoch    GPU_mem       loss  Instances       Size
                   all      0.633      0.993

      Epoch    GPU_mem       loss  Instances       Size
                   all      0.633      0.989

      Epoch    GPU_mem       loss  Instances       Size
                   all      0.657      0.992

      Epoch    GPU_mem       loss  Instances       Size
                   all      0.651      0.989

      Epoch    GPU_mem       loss  Instances       Size
                   all      0.633      0.992

      Epoch    GPU_mem       loss  Instances       Size
                   all      0.644      0.988

      Epoch    GPU_mem       loss  Instances       Size
                   all      0.668      0.997

      Epoch    GPU_mem       loss  Instances       Size
                   all      0.651       0.99

      Epoch    GPU_mem       loss  Instances       Size
                   all      0.661       0.99

      Epoch    GPU_mem       loss  Instances       Size
                   all      0.651      0.994

      Epoch    GPU_mem       loss  Instances       Size
                   all      0.647      0.989

      Epoch    GPU_mem       loss  Instances       Size
                   all      0.656       0.99

      Epoch    GPU_mem       loss  Instances       Size
                   all      0.665      0.989

      Epoch    GPU_mem       loss  Instances       Size
                   all      0.682      0.988

      Epoch    GPU_mem       loss  Instances       Size
                   all      0.643       0.99

      Epoch    GPU_mem       loss  Instances       Size
                   all      0.668      0.994

      Epoch    GPU_mem       loss  Instances       Size
                   all      0.661      0.993

      Epoch    GPU_mem       loss  Instances       Size
                   all      0.672       0.99

      Epoch    GPU_mem       loss  Instances       Size
                   all      0.668      0.992

      Epoch    GPU_mem       loss  Instances       Size
                   all      0.664       0.99

      Epoch    GPU_mem       loss  Instances       Size
                   all      0.642      0.994

      Epoch    GPU_mem       loss  Instances       Size
                   all      0.661       0.99

      Epoch    GPU_mem       loss  Instances       Size
                   all      0.656      0.993

      Epoch    GPU_mem       loss  Instances       Size
                   all      0.671      0.992

      Epoch    GPU_mem       loss  Instances       Size
                   all      0.675      0.994

      Epoch    GPU_mem       loss  Instances       Size
                   all      0.665       0.99

      Epoch    GPU_mem       loss  Instances       Size
                   all      0.667      0.988

      Epoch    GPU_mem       loss  Instances       Size
                   all      0.647      0.996

      Epoch    GPU_mem       loss  Instances       Size
                   all      0.665       0.99

      Epoch    GPU_mem       loss  Instances       Size
                   all      0.671      0.996

      Epoch    GPU_mem       loss  Instances       Size
                   all       0.65      0.994

      Epoch    GPU_mem       loss  Instances       Size
                   all      0.654       0.99

      Epoch    GPU_mem       loss  Instances       Size
                   all      0.663      0.994

      Epoch    GPU_mem       loss  Instances       Size
                   all      0.669      0.994

      Epoch    GPU_mem       loss  Instances       Size
                   all      0.675      0.992

      Epoch    GPU_mem       loss  Instances       Size
                   all      0.665      0.993

      Epoch    GPU_mem       loss  Instances       Size
                   all      0.661      0.989

      Epoch    GPU_mem       loss  Instances       Size
                   all      0.696      0.997

      Epoch    GPU_mem       loss  Instances       Size
                   all      0.664      0.997

      Epoch    GPU_mem       loss  Instances       Size
                   all      0.681      0.993

      Epoch    GPU_mem       loss  Instances       Size
                   all      0.663      0.996

      Epoch    GPU_mem       loss  Instances       Size
                   all      0.683      0.992

      Epoch    GPU_mem       loss  Instances       Size
                   all      0.682      0.994

      Epoch    GPU_mem       loss  Instances       Size
                   all      0.688      0.993

      Epoch    GPU_mem       loss  Instances       Size
                   all      0.683      0.989

      Epoch    GPU_mem       loss  Instances       Size
                   all      0.661      0.992

      Epoch    GPU_mem       loss  Instances       Size
                   all      0.665      0.992

      Epoch    GPU_mem       loss  Instances       Size
                   all      0.667       0.99

      Epoch    GPU_mem       loss  Instances       Size
                   all      0.671      0.993

      Epoch    GPU_mem       loss  Instances       Size
                   all      0.675       0.99

      Epoch    GPU_mem       loss  Instances       Size
                   all      0.661       0.99

      Epoch    GPU_mem       loss  Instances       Size
                   all      0.668      0.989

      Epoch    GPU_mem       loss  Instances       Size
                   all      0.679       0.99

      Epoch    GPU_mem       loss  Instances       Size
                   all      0.658       0.99

      Epoch    GPU_mem       loss  Instances       Size
                   all      0.686       0.99

      Epoch    GPU_mem       loss  Instances       Size
                   all      0.683       0.99

      Epoch    GPU_mem       loss  Instances       Size
                   all       0.69      0.988

      Epoch    GPU_mem       loss  Instances       Size
                   all      0.683      0.989

      Epoch    GPU_mem       loss  Instances       Size
                   all      0.674      0.992

      Epoch    GPU_mem       loss  Instances       Size
                   all      0.664       0.99

      Epoch    GPU_mem       loss  Instances       Size
                   all      0.676      0.993

      Epoch    GPU_mem       loss  Instances       Size
                   all      0.688       0.99

      Epoch    GPU_mem       loss  Instances       Size
                   all      0.676      0.992

      Epoch    GPU_mem       loss  Instances       Size
                   all      0.678      0.992

      Epoch    GPU_mem       loss  Instances       Size
                   all      0.678      0.994

      Epoch    GPU_mem       loss  Instances       Size
                   all      0.668      0.994

      Epoch    GPU_mem       loss  Instances       Size
                   all      0.674      0.992

      Epoch    GPU_mem       loss  Instances       Size
                   all      0.672      0.992

      Epoch    GPU_mem       loss  Instances       Size
                   all      0.674      0.993

      Epoch    GPU_mem       loss  Instances       Size
                   all      0.679      0.994

      Epoch    GPU_mem       loss  Instances       Size
                   all      0.689      0.993

      Epoch    GPU_mem       loss  Instances       Size
                   all      0.685      0.992

      Epoch    GPU_mem       loss  Instances       Size
                   all      0.682      0.992

      Epoch    GPU_mem       loss  Instances       Size
                   all      0.686      0.996

      Epoch    GPU_mem       loss  Instances       Size
                   all      0.681      0.993

      Epoch    GPU_mem       loss  Instances       Size
                   all      0.674       0.99

      Epoch    GPU_mem       loss  Instances       Size
                   all      0.671      0.988

      Epoch    GPU_mem       loss  Instances       Size
                   all      0.672      0.992

      Epoch    GPU_mem       loss  Instances       Size
                   all      0.679      0.989

      Epoch    GPU_mem       loss  Instances       Size
                   all      0.681       0.99

      Epoch    GPU_mem       loss  Instances       Size
                   all      0.678      0.988

      Epoch    GPU_mem       loss  Instances       Size
                   all      0.678       0.99

      Epoch    GPU_mem       loss  Instances       Size
                   all      0.667      0.988

      Epoch    GPU_mem       loss  Instances       Size
                   all      0.667      0.989

      Epoch    GPU_mem       loss  Instances       Size
                   all      0.663       0.99

      Epoch    GPU_mem       loss  Instances       Size
                   all      0.668      0.989

      Epoch    GPU_mem       loss  Instances       Size
                   all      0.674       0.99

      Epoch    GPU_mem       loss  Instances       Size
                   all      0.672      0.989

      Epoch    GPU_mem       loss  Instances       Size
                   all      0.678      0.992

      Epoch    GPU_mem       loss  Instances       Size
                   all      0.685      0.992

      Epoch    GPU_mem       loss  Instances       Size
                   all      0.682      0.993

      Epoch    GPU_mem       loss  Instances       Size
                   all      0.674      0.989

      Epoch    GPU_mem       loss  Instances       Size
                   all      0.682      0.988

      Epoch    GPU_mem       loss  Instances       Size
                   all      0.683       0.99

      Epoch    GPU_mem       loss  Instances       Size
                   all      0.682      0.989

      Epoch    GPU_mem       loss  Instances       Size
                   all      0.682       0.99

      Epoch    GPU_mem       loss  Instances       Size
                   all      0.685       0.99

      Epoch    GPU_mem       loss  Instances       Size
                   all      0.689      0.989

      Epoch    GPU_mem       loss  Instances       Size
                   all      0.696      0.989

      Epoch    GPU_mem       loss  Instances       Size
                   all      0.694      0.988

      Epoch    GPU_mem       loss  Instances       Size
                   all      0.692      0.989

      Epoch    GPU_mem       loss  Instances       Size
                   all      0.686      0.989

      Epoch    GPU_mem       loss  Instances       Size
                   all      0.683      0.989

      Epoch    GPU_mem       loss  Instances       Size
                   all      0.678      0.989

      Epoch    GPU_mem       loss  Instances       Size
                   all      0.682       0.99

      Epoch    GPU_mem       loss  Instances       Size
                   all      0.683       0.99

      Epoch    GPU_mem       loss  Instances       Size
                   all      0.679       0.99

      Epoch    GPU_mem       loss  Instances       Size
                   all      0.681       0.99

      Epoch    GPU_mem       loss  Instances       Size
                   all      0.682      0.992

      Epoch    GPU_mem       loss  Instances       Size
                   all      0.686      0.993

      Epoch    GPU_mem       loss  Instances       Size
                   all      0.688      0.993

      Epoch    GPU_mem       loss  Instances       Size
                   all      0.692      0.993

      Epoch    GPU_mem       loss  Instances       Size
                   all      0.689       0.99

      Epoch    GPU_mem       loss  Instances       Size
                   all       0.69      0.989

      Epoch    GPU_mem       loss  Instances       Size
                   all      0.694      0.989

      Epoch    GPU_mem       loss  Instances       Size
                   all      0.694      0.989

      Epoch    GPU_mem       loss  Instances       Size
                   all      0.699       0.99

      Epoch    GPU_mem       loss  Instances       Size
                   all      0.699       0.99

      Epoch    GPU_mem       loss  Instances       Size
                   all        0.7       0.99

      Epoch    GPU_mem       loss  Instances       Size
                   all        0.7       0.99

      Epoch    GPU_mem       loss  Instances       Size
                   all      0.699       0.99

      Epoch    GPU_mem       loss  Instances       Size
                   all      0.692       0.99

      Epoch    GPU_mem       loss  Instances       Size
                   all      0.694       0.99

      Epoch    GPU_mem       loss  Instances       Size
                   all      0.692       0.99

      Epoch    GPU_mem       loss  Instances       Size
                   all      0.689       0.99

      Epoch    GPU_mem       loss  Instances       Size
                   all       0.69       0.99

      Epoch    GPU_mem       loss  Instances       Size
                   all      0.689       0.99

      Epoch    GPU_mem       loss  Instances       Size
                   all      0.688       0.99

      Epoch    GPU_mem       loss  Instances       Size
                   all      0.686       0.99

      Epoch    GPU_mem       loss  Instances       Size
                   all      0.688      0.989

      Epoch    GPU_mem       loss  Instances       Size
                   all      0.686      0.989

      Epoch    GPU_mem       loss  Instances       Size
                   all      0.685      0.989

      Epoch    GPU_mem       loss  Instances       Size
                   all      0.685      0.989

      Epoch    GPU_mem       loss  Instances       Size
                   all      0.683      0.989

      Epoch    GPU_mem       loss  Instances       Size
                   all      0.685      0.989

      Epoch    GPU_mem       loss  Instances       Size
                   all      0.685      0.988

      Epoch    GPU_mem       loss  Instances       Size
                   all      0.683      0.986

      Epoch    GPU_mem       loss  Instances       Size
                   all      0.682      0.986

      Epoch    GPU_mem       loss  Instances       Size
                   all      0.681      0.986

      Epoch    GPU_mem       loss  Instances       Size
                   all      0.681      0.986

      Epoch    GPU_mem       loss  Instances       Size
                   all      0.682      0.986

      Epoch    GPU_mem       loss  Instances       Size
                   all      0.682      0.986

      Epoch    GPU_mem       loss  Instances       Size
                   all      0.683      0.986

      Epoch    GPU_mem       loss  Instances       Size
                   all      0.683      0.986

      Epoch    GPU_mem       loss  Instances       Size
                   all      0.683      0.986

      Epoch    GPU_mem       loss  Instances       Size
                   all      0.686      0.988

      Epoch    GPU_mem       loss  Instances       Size
                   all      0.689      0.988

      Epoch    GPU_mem       loss  Instances       Size
                   all      0.689      0.988

      Epoch    GPU_mem       loss  Instances       Size
                   all      0.688      0.988

      Epoch    GPU_mem       loss  Instances       Size
                   all      0.688      0.988

      Epoch    GPU_mem       loss  Instances       Size
                   all      0.688      0.988

      Epoch    GPU_mem       loss  Instances       Size
                   all      0.688      0.988

      Epoch    GPU_mem       loss  Instances       Size
                   all      0.688      0.988

      Epoch    GPU_mem       loss  Instances       Size
                   all      0.688      0.988

      Epoch    GPU_mem       loss  Instances       Size
                   all      0.688      0.988

      Epoch    GPU_mem       loss  Instances       Size
                   all      0.689      0.988

      Epoch    GPU_mem       loss  Instances       Size
                   all      0.689      0.988

      Epoch    GPU_mem       loss  Instances       Size
                   all       0.69      0.988

200 epochs completed in 6.425 hours.
Optimizer stripped from C:\Users\ASUS\Desktop\YOLOv11\YOLO-CV\YOLOv11\runs\stage1_formal_cls6\yolo11x_cls6_formal_200ep\weights\last.pt, 57.0MB
Optimizer stripped from C:\Users\ASUS\Desktop\YOLOv11\YOLO-CV\YOLOv11\runs\stage1_formal_cls6\yolo11x_cls6_formal_200ep\weights\best.pt, 57.0MB

Validating C:\Users\ASUS\Desktop\YOLOv11\YOLO-CV\YOLOv11\runs\stage1_formal_cls6\yolo11x_cls6_formal_200ep\weights\best.pt...
Ultralytics 8.3.0 🚀 Python-3.11.15 torch-2.5.1+cu121 CUDA:0 (NVIDIA GeForce RTX 3090, 24576MiB)
YOLO11x-cls summary (fused): 227 layers, 28,340,102 parameters, 0 gradients, 110.3 GFLOPs
[34m[1mtrain:[0m C:\Users\ASUS\Desktop\YOLOv11\YOLO-CV\YOLOv11\datasets\sewerml_cls6_train7200\train... found 6480 images in 6 classes ✅ 
[34m[1mval:[0m C:\Users\ASUS\Desktop\YOLOv11\YOLO-CV\YOLOv11\datasets\sewerml_cls6_train7200\val... found 720 images in 6 classes ✅ 
[34m[1mtest:[0m None...
                   all      0.696      0.997
Speed: 4.2ms preprocess, 3.9ms inference, 0.0ms loss, 0.0ms postprocess per image
Results saved to [1mC:\Users\ASUS\Desktop\YOLOv11\YOLO-CV\YOLOv11\runs\stage1_formal_cls6\yolo11x_cls6_formal_200ep[0m
Results saved to [1mC:\Users\ASUS\Desktop\YOLOv11\YOLO-CV\YOLOv11\runs\stage1_formal_cls6\yolo11x_cls6_formal_200ep[0m
